
> client@0.1.0 build
> next build

   ▲ Next.js 15.1.9
   - Environments: .env.local

   Creating an optimized production build ...
uncaughtException [Error: EPERM: operation not permitted, open 'C:\Users\aftab\Desktop\car-ai-app\client\.next\trace'] {
  errno: -4048,
  code: 'EPERM',
  syscall: 'open',
  path: 'C:\\Users\\aftab\\Desktop\\car-ai-app\\client\\.next\\trace'
}
